[2026-03-19T09:40:27+00:00] kexec with amdgpu.num_sdma=0 to test SDMA-disabled PTE writes
